2026-07-08 15:11:21.138918: I Loading parameters
2026-07-08 15:11:21.139203: I Parameter lr set to 0.001
2026-07-08 15:11:21.139293: I Parameter factors set to 256
2026-07-08 15:11:21.139398: I Parameter l_w set to 0.001
2026-07-08 15:11:21.139481: I Parameter n_layers set to 2
2026-07-08 15:11:50.598036: I Epoch 1/10 loss 474555.67761
2026-07-08 15:11:50.598532: I ******************************************
2026-07-08 15:12:13.477916: I Epoch 2/10 loss 66357.03146
2026-07-08 15:12:13.478515: I ******************************************
2026-07-08 15:12:36.977204: I Epoch 3/10 loss 24559.15112
2026-07-08 15:12:36.977872: I ******************************************
2026-07-08 15:12:59.947871: I Epoch 4/10 loss 11803.61718
2026-07-08 15:12:59.948601: I ******************************************
2026-07-08 15:13:23.298769: I Epoch 5/10 loss 6793.23475
2026-07-08 15:13:23.299505: I ******************************************
2026-07-08 15:13:46.487391: I Epoch 6/10 loss 4314.90123
2026-07-08 15:13:46.487998: I ******************************************
2026-07-08 15:14:09.957505: I Epoch 7/10 loss 2939.70997
2026-07-08 15:14:09.957918: I ******************************************
2026-07-08 15:14:33.601694: I Epoch 8/10 loss 2107.40438
2026-07-08 15:14:33.602316: I ******************************************
2026-07-08 15:14:57.679760: I Epoch 9/10 loss 1551.79876
2026-07-08 15:14:57.681235: I ******************************************
2026-07-08 15:15:20.929401: I Epoch 10/10 loss 1191.48926
2026-07-08 15:15:20.930043: I ******************************************
2026-07-08 15:15:21.060775: I Loading parameters
2026-07-08 15:15:21.061016: I Parameter lr set to 0.001
2026-07-08 15:15:21.061101: I Parameter factors set to 64
2026-07-08 15:15:21.061181: I Parameter l_w set to 0.001
2026-07-08 15:15:21.061254: I Parameter n_layers set to 3
2026-07-08 15:15:46.899246: I Epoch 1/10 loss 519890.71265
2026-07-08 15:15:46.899838: I ******************************************
2026-07-08 15:16:09.696921: I Epoch 2/10 loss 72225.75128
2026-07-08 15:16:09.697542: I ******************************************
2026-07-08 15:16:32.557130: I Epoch 3/10 loss 30364.78436
2026-07-08 15:16:32.557735: I ******************************************
2026-07-08 15:16:54.852327: I Epoch 4/10 loss 16050.50154
2026-07-08 15:16:54.852940: I ******************************************
2026-07-08 15:17:17.729186: I Epoch 5/10 loss 9515.96488
2026-07-08 15:17:17.729954: I ******************************************
2026-07-08 15:17:40.339229: I Epoch 6/10 loss 6126.23973
2026-07-08 15:17:40.340296: I ******************************************
2026-07-08 15:18:02.540887: I Epoch 7/10 loss 4250.19340
2026-07-08 15:18:02.541277: I ******************************************
2026-07-08 15:18:24.921875: I Epoch 8/10 loss 3119.78677
2026-07-08 15:18:24.922610: I ******************************************
2026-07-08 15:18:47.826109: I Epoch 9/10 loss 2357.01837
2026-07-08 15:18:47.826804: I ******************************************
2026-07-08 15:19:10.547608: I Epoch 10/10 loss 1839.31643
2026-07-08 15:19:10.548214: I ******************************************
2026-07-08 15:19:10.692017: I Loading parameters
2026-07-08 15:19:10.692218: I Parameter lr set to 0.001
2026-07-08 15:19:10.692307: I Parameter factors set to 64
2026-07-08 15:19:10.692417: I Parameter l_w set to 0.001
2026-07-08 15:19:10.692494: I Parameter n_layers set to 2
2026-07-08 15:19:35.101846: I Epoch 1/10 loss 548478.58459
2026-07-08 15:19:35.102203: I ******************************************
2026-07-08 15:19:57.149102: I Epoch 2/10 loss 73753.10608
2026-07-08 15:19:57.150709: I ******************************************
