2026-07-08 15:28:26.174657: I Loading parameters
2026-07-08 15:28:26.174948: I Parameter lr set to 0.001
2026-07-08 15:28:26.175033: I Parameter factors set to 256
2026-07-08 15:28:26.175106: I Parameter l_w set to 0.001
2026-07-08 15:28:26.175173: I Parameter n_layers set to 2
2026-07-08 15:28:54.992070: I Epoch 1/10 loss 474555.67761
2026-07-08 15:28:54.992851: I ******************************************
2026-07-08 15:29:17.445290: I Epoch 2/10 loss 66357.03146
2026-07-08 15:29:17.446028: I ******************************************
2026-07-08 15:29:40.102989: I Epoch 3/10 loss 24559.15112
2026-07-08 15:29:40.103748: I ******************************************
2026-07-08 15:30:02.318952: I Epoch 4/10 loss 11803.61718
2026-07-08 15:30:02.319560: I ******************************************
2026-07-08 15:30:24.919635: I Epoch 5/10 loss 6793.23475
2026-07-08 15:30:24.920262: I ******************************************
2026-07-08 15:30:47.776489: I Epoch 6/10 loss 4314.90123
2026-07-08 15:30:47.777088: I ******************************************
2026-07-08 15:31:10.262046: I Epoch 7/10 loss 2939.70997
2026-07-08 15:31:10.262439: I ******************************************
2026-07-08 15:31:32.752052: I Epoch 8/10 loss 2107.40438
2026-07-08 15:31:32.752689: I ******************************************
2026-07-08 15:31:55.886621: I Epoch 9/10 loss 1551.79876
2026-07-08 15:31:55.887233: I ******************************************
2026-07-08 15:32:18.035100: I Epoch 10/10 loss 1191.48926
2026-07-08 15:32:18.035628: I ******************************************
